12:37:27:842  INFO 17632 --- [main] com.hema.cartApplication                 : Starting cartApplication using Java 21.0.2 on wjf with PID 17632 (E:\shixiproject\hmall\cart-service\target\classes started by 86177 in E:\shixiproject\hmall)
12:37:27:848  INFO 17632 --- [main] com.hema.cartApplication                 : The following 1 profile is active: "local"
12:37:28:832  INFO 17632 --- [main] o.s.cloud.context.scope.GenericScope     : BeanFactory id=569874d5-deb3-3829-b75a-7a4484d0f87e
12:37:29:316  INFO 17632 --- [main] o.s.b.w.embedded.tomcat.TomcatWebServer  : Tomcat initialized with port(s): 8082 (http)
12:37:29:328  INFO 17632 --- [main] o.apache.catalina.core.StandardService   : Starting service [Tomcat]
12:37:29:329  INFO 17632 --- [main] org.apache.catalina.core.StandardEngine  : Starting Servlet engine: [Apache Tomcat/9.0.75]
12:37:29:569  INFO 17632 --- [main] o.a.c.c.C.[Tomcat].[localhost].[/]       : Initializing Spring embedded WebApplicationContext
12:37:29:570  INFO 17632 --- [main] w.s.c.ServletWebServerApplicationContext : Root WebApplicationContext: initialization completed in 1668 ms
12:37:29:812  INFO 17632 --- [main] o.s.c.openfeign.FeignClientFactoryBean   : For 'item-service' URL not provided. Will try picking an instance via load-balancing.
12:37:30:863  INFO 17632 --- [main] pertySourcedRequestMappingHandlerMapping : Mapped URL path [/v2/api-docs] onto method [springfox.documentation.swagger2.web.Swagger2ControllerWebMvc#getDocumentation(String, HttpServletRequest)]
12:37:31:091  INFO 17632 --- [main] com.alibaba.nacos.common.remote.client   : [RpcClientFactory] create a new rpc client of 995d5b29-a045-4024-b697-6ee469166678
12:37:31:147  INFO 17632 --- [main] org.reflections.Reflections              : Reflections took 26 ms to scan 1 urls, producing 3 keys and 6 values 
12:37:31:182  INFO 17632 --- [main] org.reflections.Reflections              : Reflections took 17 ms to scan 1 urls, producing 4 keys and 9 values 
12:37:31:193  INFO 17632 --- [main] org.reflections.Reflections              : Reflections took 6 ms to scan 1 urls, producing 3 keys and 10 values 
12:37:31:195  WARN 17632 --- [main] org.reflections.Reflections              : given scan urls are empty. set urls in the configuration
12:37:31:203  INFO 17632 --- [main] org.reflections.Reflections              : Reflections took 7 ms to scan 1 urls, producing 1 keys and 5 values 
12:37:31:212  INFO 17632 --- [main] org.reflections.Reflections              : Reflections took 7 ms to scan 1 urls, producing 1 keys and 7 values 
12:37:31:221  INFO 17632 --- [main] org.reflections.Reflections              : Reflections took 6 ms to scan 1 urls, producing 2 keys and 8 values 
12:37:31:223  WARN 17632 --- [main] org.reflections.Reflections              : given scan urls are empty. set urls in the configuration
12:37:31:224  INFO 17632 --- [main] com.alibaba.nacos.common.remote.client   : [995d5b29-a045-4024-b697-6ee469166678] RpcClient init label, labels = {module=naming, source=sdk}
12:37:31:226  INFO 17632 --- [main] com.alibaba.nacos.common.remote.client   : [995d5b29-a045-4024-b697-6ee469166678] RpcClient init, ServerListFactory = com.alibaba.nacos.client.naming.core.ServerListManager
12:37:31:226  INFO 17632 --- [main] com.alibaba.nacos.common.remote.client   : [995d5b29-a045-4024-b697-6ee469166678] Registry connection listener to current client:com.alibaba.nacos.client.naming.remote.gprc.redo.NamingGrpcRedoService
12:37:31:227  INFO 17632 --- [main] com.alibaba.nacos.common.remote.client   : [995d5b29-a045-4024-b697-6ee469166678] Register server push request handler:com.alibaba.nacos.client.naming.remote.gprc.NamingPushRequestHandler
12:37:31:228  INFO 17632 --- [main] com.alibaba.nacos.common.remote.client   : [995d5b29-a045-4024-b697-6ee469166678] Try to connect to server on start up, server: {serverIp = '192.168.10.101', server main port = 8848}
12:37:31:998  INFO 17632 --- [main] com.alibaba.nacos.common.remote.client   : [995d5b29-a045-4024-b697-6ee469166678] Success to connect to server [192.168.10.101:8848] on start up, connectionId = 1769923918263_192.168.10.1_50680
12:37:31:998  INFO 17632 --- [com.alibaba.nacos.client.remote.worker] com.alibaba.nacos.common.remote.client   : [995d5b29-a045-4024-b697-6ee469166678] Notify connected event to listeners.
12:37:31:998  INFO 17632 --- [main] com.alibaba.nacos.common.remote.client   : [995d5b29-a045-4024-b697-6ee469166678] Register server push request handler:com.alibaba.nacos.common.remote.client.RpcClient$ConnectResetRequestHandler
12:37:31:999  INFO 17632 --- [main] com.alibaba.nacos.common.remote.client   : [995d5b29-a045-4024-b697-6ee469166678] Register server push request handler:com.alibaba.nacos.common.remote.client.RpcClient$$Lambda/0x000001e0ca81c230
12:37:32:066  INFO 17632 --- [main] o.s.b.w.embedded.tomcat.TomcatWebServer  : Tomcat started on port(s): 8082 (http) with context path ''
12:37:32:084  INFO 17632 --- [main] c.a.c.n.registry.NacosServiceRegistry    : nacos registry, DEFAULT_GROUP cart-service 192.168.10.1:8082 register finished
12:37:32:096  INFO 17632 --- [main] d.s.w.p.DocumentationPluginsBootstrapper : Documentation plugins bootstrapped
12:37:32:099  INFO 17632 --- [main] d.s.w.p.DocumentationPluginsBootstrapper : Found 1 custom documentation plugin(s)
12:37:32:127  INFO 17632 --- [main] s.d.s.w.s.ApiListingReferenceScanner     : Scanning for api listing references
12:37:32:237  INFO 17632 --- [main] com.hema.cartApplication                 : Started cartApplication in 4.901 seconds (JVM running for 5.72)
12:37:32:600  INFO 17632 --- [nacos-grpc-client-executor-9] com.alibaba.nacos.common.remote.client   : [995d5b29-a045-4024-b697-6ee469166678] Receive server push request, request = NotifySubscriberRequest, requestId = 16
12:37:32:612  INFO 17632 --- [nacos-grpc-client-executor-9] com.alibaba.nacos.common.remote.client   : [995d5b29-a045-4024-b697-6ee469166678] Ack server push request, request = NotifySubscriberRequest, requestId = 16
