12:37:31:013  INFO 7524 --- [main] com.hema.item.itemApplication            : Starting itemApplication using Java 21.0.2 on wjf with PID 7524 (E:\shixiproject\hmall\item-service\target\classes started by 86177 in E:\shixiproject\hmall)
12:37:31:018  INFO 7524 --- [main] com.hema.item.itemApplication            : The following 1 profile is active: "local"
12:37:32:000  INFO 7524 --- [main] o.s.cloud.context.scope.GenericScope     : BeanFactory id=2c2ef41f-926d-37aa-8090-15774a4348ce
12:37:32:360  INFO 7524 --- [main] o.s.b.w.embedded.tomcat.TomcatWebServer  : Tomcat initialized with port(s): 8081 (http)
12:37:32:369  INFO 7524 --- [main] o.apache.catalina.core.StandardService   : Starting service [Tomcat]
12:37:32:370  INFO 7524 --- [main] org.apache.catalina.core.StandardEngine  : Starting Servlet engine: [Apache Tomcat/9.0.75]
12:37:32:505  INFO 7524 --- [main] o.a.c.c.C.[Tomcat].[localhost].[/]       : Initializing Spring embedded WebApplicationContext
12:37:32:506  INFO 7524 --- [main] w.s.c.ServletWebServerApplicationContext : Root WebApplicationContext: initialization completed in 1435 ms
12:37:33:311  INFO 7524 --- [main] pertySourcedRequestMappingHandlerMapping : Mapped URL path [/v2/api-docs] onto method [springfox.documentation.swagger2.web.Swagger2ControllerWebMvc#getDocumentation(String, HttpServletRequest)]
12:37:33:474  INFO 7524 --- [main] com.alibaba.nacos.common.remote.client   : [RpcClientFactory] create a new rpc client of cadfb4fa-9278-41c8-8dea-4364b3eb3e87
12:37:33:524  INFO 7524 --- [main] org.reflections.Reflections              : Reflections took 25 ms to scan 1 urls, producing 3 keys and 6 values 
12:37:33:546  INFO 7524 --- [main] org.reflections.Reflections              : Reflections took 8 ms to scan 1 urls, producing 4 keys and 9 values 
12:37:33:559  INFO 7524 --- [main] org.reflections.Reflections              : Reflections took 10 ms to scan 1 urls, producing 3 keys and 10 values 
12:37:33:561  WARN 7524 --- [main] org.reflections.Reflections              : given scan urls are empty. set urls in the configuration
12:37:33:568  INFO 7524 --- [main] org.reflections.Reflections              : Reflections took 7 ms to scan 1 urls, producing 1 keys and 5 values 
12:37:33:576  INFO 7524 --- [main] org.reflections.Reflections              : Reflections took 7 ms to scan 1 urls, producing 1 keys and 7 values 
12:37:33:584  INFO 7524 --- [main] org.reflections.Reflections              : Reflections took 6 ms to scan 1 urls, producing 2 keys and 8 values 
12:37:33:586  WARN 7524 --- [main] org.reflections.Reflections              : given scan urls are empty. set urls in the configuration
12:37:33:587  INFO 7524 --- [main] com.alibaba.nacos.common.remote.client   : [cadfb4fa-9278-41c8-8dea-4364b3eb3e87] RpcClient init label, labels = {module=naming, source=sdk}
12:37:33:588  INFO 7524 --- [main] com.alibaba.nacos.common.remote.client   : [cadfb4fa-9278-41c8-8dea-4364b3eb3e87] RpcClient init, ServerListFactory = com.alibaba.nacos.client.naming.core.ServerListManager
12:37:33:588  INFO 7524 --- [main] com.alibaba.nacos.common.remote.client   : [cadfb4fa-9278-41c8-8dea-4364b3eb3e87] Registry connection listener to current client:com.alibaba.nacos.client.naming.remote.gprc.redo.NamingGrpcRedoService
12:37:33:589  INFO 7524 --- [main] com.alibaba.nacos.common.remote.client   : [cadfb4fa-9278-41c8-8dea-4364b3eb3e87] Register server push request handler:com.alibaba.nacos.client.naming.remote.gprc.NamingPushRequestHandler
12:37:33:591  INFO 7524 --- [main] com.alibaba.nacos.common.remote.client   : [cadfb4fa-9278-41c8-8dea-4364b3eb3e87] Try to connect to server on start up, server: {serverIp = '192.168.10.101', server main port = 8848}
12:37:34:287  INFO 7524 --- [main] com.alibaba.nacos.common.remote.client   : [cadfb4fa-9278-41c8-8dea-4364b3eb3e87] Success to connect to server [192.168.10.101:8848] on start up, connectionId = 1769923920750_192.168.10.1_50682
12:37:34:287  INFO 7524 --- [com.alibaba.nacos.client.remote.worker] com.alibaba.nacos.common.remote.client   : [cadfb4fa-9278-41c8-8dea-4364b3eb3e87] Notify connected event to listeners.
12:37:34:288  INFO 7524 --- [main] com.alibaba.nacos.common.remote.client   : [cadfb4fa-9278-41c8-8dea-4364b3eb3e87] Register server push request handler:com.alibaba.nacos.common.remote.client.RpcClient$ConnectResetRequestHandler
12:37:34:288  INFO 7524 --- [main] com.alibaba.nacos.common.remote.client   : [cadfb4fa-9278-41c8-8dea-4364b3eb3e87] Register server push request handler:com.alibaba.nacos.common.remote.client.RpcClient$$Lambda/0x00000249c8752918
12:37:34:342  INFO 7524 --- [main] o.s.b.w.embedded.tomcat.TomcatWebServer  : Tomcat started on port(s): 8081 (http) with context path ''
12:37:34:352  INFO 7524 --- [main] c.a.c.n.registry.NacosServiceRegistry    : nacos registry, DEFAULT_GROUP item-service 192.168.10.1:8081 register finished
12:37:34:358  INFO 7524 --- [main] d.s.w.p.DocumentationPluginsBootstrapper : Documentation plugins bootstrapped
12:37:34:360  INFO 7524 --- [main] d.s.w.p.DocumentationPluginsBootstrapper : Found 1 custom documentation plugin(s)
12:37:34:381  INFO 7524 --- [main] s.d.s.w.s.ApiListingReferenceScanner     : Scanning for api listing references
12:37:34:482  INFO 7524 --- [main] com.hema.item.itemApplication            : Started itemApplication in 3.997 seconds (JVM running for 4.725)
12:37:34:799  INFO 7524 --- [nacos-grpc-client-executor-8] com.alibaba.nacos.common.remote.client   : [cadfb4fa-9278-41c8-8dea-4364b3eb3e87] Receive server push request, request = NotifySubscriberRequest, requestId = 17
12:37:34:810  INFO 7524 --- [nacos-grpc-client-executor-8] com.alibaba.nacos.common.remote.client   : [cadfb4fa-9278-41c8-8dea-4364b3eb3e87] Ack server push request, request = NotifySubscriberRequest, requestId = 17
